{"HostConfigHash":"5da68b8","CardHash":"50eaa65","Error":null}