{"HostConfigHash":"5da68b8","CardHash":"c13acbf","Error":null}