{"HostConfigHash":"5da68b8","CardHash":"8152c36","Error":null}