{"HostConfigHash":"5da68b8","CardHash":"d72472a","Error":null}