{"HostConfigHash":"5da68b8","CardHash":"07491ef","Error":null}