{"HostConfigHash":"5da68b8","CardHash":"fc9ef03","Error":null}