{"HostConfigHash":"5da68b8","CardHash":"9ceeb58","Error":null}