{"HostConfigHash":"9f2d152","CardHash":"8152c36","Error":null}