{"HostConfigHash":"9f2d152","CardHash":"50eaa65","Error":null}