{"HostConfigHash":"9f2d152","CardHash":"9ceeb58","Error":null}