{"HostConfigHash":"9f2d152","CardHash":"fc9ef03","Error":null}