{"HostConfigHash":"9f2d152","CardHash":"9527c4b","Error":null}