{"HostConfigHash":"9f2d152","CardHash":"07491ef","Error":null}