{"HostConfigHash":"9f2d152","CardHash":"d72472a","Error":null}