{"HostConfigHash":"6e7bf22","CardHash":"50eaa65","Error":null}