{"HostConfigHash":"6e7bf22","CardHash":"9527c4b","Error":null}