{"HostConfigHash":"6e7bf22","CardHash":"8152c36","Error":null}