{"HostConfigHash":"9aebe2c","CardHash":"c13acbf","Error":null}