{"HostConfigHash":"6e7bf22","CardHash":"d72472a","Error":null}