{"HostConfigHash":"9aebe2c","CardHash":"07491ef","Error":null}