{"HostConfigHash":"9aebe2c","CardHash":"8152c36","Error":null}