{"HostConfigHash":"9aebe2c","CardHash":"50eaa65","Error":null}