{"HostConfigHash":"9aebe2c","CardHash":"d72472a","Error":null}