{"HostConfigHash":"6e7bf22","CardHash":"c13acbf","Error":null}