{"HostConfigHash":"9aebe2c","CardHash":"9ceeb58","Error":null}