{"HostConfigHash":"6e7bf22","CardHash":"fc9ef03","Error":null}