{"HostConfigHash":"6e7bf22","CardHash":"07491ef","Error":null}