{"HostConfigHash":"6e7bf22","CardHash":"9ceeb58","Error":null}