{"HostConfigHash":"9aebe2c","CardHash":"9527c4b","Error":null}