{"HostConfigHash":"f813d32","CardHash":"d72472a","Error":null}