{"HostConfigHash":"f813d32","CardHash":"fc9ef03","Error":null}