{"HostConfigHash":"f813d32","CardHash":"07491ef","Error":null}