{"HostConfigHash":"f813d32","CardHash":"9527c4b","Error":null}