{"HostConfigHash":"f813d32","CardHash":"9ceeb58","Error":null}