{"HostConfigHash":"f813d32","CardHash":"50eaa65","Error":null}