{"HostConfigHash":"f813d32","CardHash":"8152c36","Error":null}