{"HostConfigHash":"1bb97f8","CardHash":"ee781a9","Error":null}