{"HostConfigHash":"1bb97f8","CardHash":"fc9ef03","Error":null}