{"HostConfigHash":"1bb97f8","CardHash":"07491ef","Error":null}