{"HostConfigHash":"68476db","CardHash":"9ceeb58","Error":null}