{"HostConfigHash":"68476db","CardHash":"c13acbf","Error":null}