{"HostConfigHash":"68476db","CardHash":"8152c36","Error":null}