{"HostConfigHash":"68476db","CardHash":"9527c4b","Error":null}