{"HostConfigHash":"1bb97f8","CardHash":"c13acbf","Error":null}