{"HostConfigHash":"68476db","CardHash":"07491ef","Error":null}