{"HostConfigHash":"68476db","CardHash":"fc9ef03","Error":null}