{"HostConfigHash":"1bb97f8","CardHash":"9ceeb58","Error":null}