{"HostConfigHash":"1bb97f8","CardHash":"9527c4b","Error":null}