{"HostConfigHash":"1bb97f8","CardHash":"8152c36","Error":null}