// Jest Snapshot v1, https://goo.gl/fbAQLP

exports[`AC Renderer SnapShot 1`] = `
<View
  style={
    Object {
      "backgroundColor": "transparent",
      "flex": 1,
    }
  }
>
  <RCTScrollView>
    <View>
      <View
        style={
          Array [
            Object {
              "backgroundColor": "white",
            },
            undefined,
            Object {
              "marginTop": 10,
            },
          ]
        }
      >
        <TextInput
          allowFontScaling={true}
          autoCapitalize="none"
          autoCorrect={false}
          clearButtonMode="while-editing"
          keyboardType="numeric"
          maxLength={1.7976931348623157e+308}
          multiline={false}
          onBlur={[Function]}
          onChangeText={[Function]}
          onFocus={[Function]}
          placeholder="Enter a number"
          style={
            Array [
              Object {
                "backgroundColor": "white",
                "borderRadius": 5,
                "borderWidth": 1,
                "marginTop": 15,
                "padding": 5,
                "width": "100%",
              },
              Object {
                "fontSize": 14,
                "fontWeight": "400",
              },
              Object {
                "height": 44,
              },
              Object {
                "borderColor": "lightgrey",
              },
            ]
          }
          textContentType="none"
          underlineColorAndroid="transparent"
          value=""
        />
      </View>
      <View>
        <View
          style={
            Array [
              Object {
                "flex": 1,
                "flexDirection": "row",
                "flexWrap": "wrap",
                "justifyContent": "center",
                "paddingTop": 10,
              },
            ]
          }
        >
          <View
            accessible={true}
            isTVSelectable={true}
            onResponderGrant={[Function]}
            onResponderMove={[Function]}
            onResponderRelease={[Function]}
            onResponderTerminate={[Function]}
            onResponderTerminationRequest={[Function]}
            onStartShouldSetResponder={[Function]}
            style={
              Object {
                "flexGrow": 1,
                "opacity": 1,
              }
            }
          >
            <View
              style={
                Array [
                  Object {
                    "alignItems": "center",
                    "backgroundColor": "#1D9BF6",
                    "borderRadius": 15,
                    "flexGrow": 1,
                    "justifyContent": "center",
                    "marginBottom": 10,
                    "marginRight": 10,
                    "padding": 10,
                  },
                  Object {
                    "flexDirection": "row",
                  },
                ]
              }
            >
              <Text
                style={
                  Array [
                    Object {
                      "color": "white",
                    },
                    Object {
                      "fontSize": 14,
                      "fontWeight": "400",
                    },
                  ]
                }
              >
                OK
              </Text>
            </View>
          </View>
        </View>
      </View>
    </View>
  </RCTScrollView>
</View>
`;
